## Footprint report - date 2026-08-02T01:52:31
## Printed by KiCad version 10.0.3
## Unit = mm, Angle = deg.

$BeginDESCRIPTION

$BOARD
upper_left_corner 38.735000 25.441750
$EndBOARD

$MODULE 
reference 
value 
footprint 
attribut virtual
position 42.545000 43.180000  orientation 0.00
layer front
$PAD ""
Shape Circle Layer both
position  0.000000  0.000000 size  0.800000  0.800000 orientation 0.00
drill  1.500000
shape_offset  0.000000  0.000000
$EndPAD
$EndMODULE 

$MODULE 
reference 
value 
footprint 
attribut virtual
position 60.325000 27.940000  orientation 0.00
layer front
$PAD ""
Shape Circle Layer both
position  0.000000  0.000000 size  0.800000  0.800000 orientation 0.00
drill  1.500000
shape_offset  0.000000  0.000000
$EndPAD
$EndMODULE 

$MODULE 
reference 
value 
footprint 
attribut virtual
position 62.865000 27.940000  orientation 0.00
layer front
$PAD ""
Shape Circle Layer both
position  0.000000  0.000000 size  0.800000  0.800000 orientation 0.00
drill  1.500000
shape_offset  0.000000  0.000000
$EndPAD
$EndMODULE 

$MODULE 
reference 
value 
footprint 
attribut virtual
position 78.105000 43.180000  orientation 0.00
layer front
$PAD ""
Shape Circle Layer both
position  0.000000  0.000000 size  0.800000  0.800000 orientation 0.00
drill  1.500000
shape_offset  0.000000  0.000000
$EndPAD
$EndMODULE 

$MODULE 
reference 
value 
footprint 
attribut virtual
position 80.645000 27.940000  orientation 0.00
layer front
$PAD ""
Shape Circle Layer both
position  0.000000  0.000000 size  0.800000  0.800000 orientation 0.00
drill  1.500000
shape_offset  0.000000  0.000000
$EndPAD
$EndMODULE 

$MODULE 
reference 
value 
footprint 
attribut virtual
position 57.785000 27.940000  orientation 0.00
layer front
$PAD ""
Shape Circle Layer both
position  0.000000  0.000000 size  0.800000  0.800000 orientation 0.00
drill  1.500000
shape_offset  0.000000  0.000000
$EndPAD
$EndMODULE 

$MODULE 
reference 
value 
footprint 
attribut virtual
position 55.245000 27.940000  orientation 0.00
layer front
$PAD ""
Shape Circle Layer both
position  0.000000  0.000000 size  0.800000  0.800000 orientation 0.00
drill  1.500000
shape_offset  0.000000  0.000000
$EndPAD
$EndMODULE 

$MODULE 
reference 
value 
footprint 
attribut virtual
position 70.485000 43.180000  orientation 0.00
layer front
$PAD ""
Shape Circle Layer both
position  0.000000  0.000000 size  0.800000  0.800000 orientation 0.00
drill  1.500000
shape_offset  0.000000  0.000000
$EndPAD
$EndMODULE 

$MODULE 
reference 
value 
footprint 
attribut virtual
position 80.645000 43.180000  orientation 0.00
layer front
$PAD ""
Shape Circle Layer both
position  0.000000  0.000000 size  0.800000  0.800000 orientation 0.00
drill  1.500000
shape_offset  0.000000  0.000000
$EndPAD
$EndMODULE 

$MODULE 
reference 
value 
footprint 
attribut virtual
position 73.025000 43.180000  orientation 0.00
layer front
$PAD ""
Shape Circle Layer both
position  0.000000  0.000000 size  0.800000  0.800000 orientation 0.00
drill  1.500000
shape_offset  0.000000  0.000000
$EndPAD
$EndMODULE 

$MODULE 
reference 
value 
footprint 
attribut virtual
position 52.705000 43.180000  orientation 0.00
layer front
$PAD ""
Shape Circle Layer both
position  0.000000  0.000000 size  0.800000  0.800000 orientation 0.00
drill  1.500000
shape_offset  0.000000  0.000000
$EndPAD
$EndMODULE 

$MODULE 
reference 
value 
footprint 
attribut virtual
position 65.405000 27.940000  orientation 0.00
layer front
$PAD ""
Shape Circle Layer both
position  0.000000  0.000000 size  0.800000  0.800000 orientation 0.00
drill  1.500000
shape_offset  0.000000  0.000000
$EndPAD
$EndMODULE 

$MODULE 
reference 
value 
footprint 
attribut virtual
position 70.485000 27.940000  orientation 0.00
layer front
$PAD ""
Shape Circle Layer both
position  0.000000  0.000000 size  0.800000  0.800000 orientation 0.00
drill  1.500000
shape_offset  0.000000  0.000000
$EndPAD
$EndMODULE 

$MODULE 
reference 
value 
footprint 
attribut virtual
position 47.625000 27.940000  orientation 0.00
layer front
$PAD ""
Shape Circle Layer both
position  0.000000  0.000000 size  0.800000  0.800000 orientation 0.00
drill  1.500000
shape_offset  0.000000  0.000000
$EndPAD
$EndMODULE 

$MODULE 
reference 
value 
footprint 
attribut virtual
position 57.785000 43.180000  orientation 0.00
layer front
$PAD ""
Shape Circle Layer both
position  0.000000  0.000000 size  0.800000  0.800000 orientation 0.00
drill  1.500000
shape_offset  0.000000  0.000000
$EndPAD
$EndMODULE 

$MODULE 
reference 
value 
footprint 
attribut virtual
position 73.025000 27.940000  orientation 0.00
layer front
$PAD ""
Shape Circle Layer both
position  0.000000  0.000000 size  0.800000  0.800000 orientation 0.00
drill  1.500000
shape_offset  0.000000  0.000000
$EndPAD
$EndMODULE 

$MODULE 
reference 
value 
footprint 
attribut virtual
position 60.325000 43.180000  orientation 0.00
layer front
$PAD ""
Shape Circle Layer both
position  0.000000  0.000000 size  0.800000  0.800000 orientation 0.00
drill  1.500000
shape_offset  0.000000  0.000000
$EndPAD
$EndMODULE 

$MODULE 
reference 
value 
footprint 
attribut virtual
position 67.945000 43.180000  orientation 0.00
layer front
$PAD ""
Shape Circle Layer both
position  0.000000  0.000000 size  0.800000  0.800000 orientation 0.00
drill  1.500000
shape_offset  0.000000  0.000000
$EndPAD
$EndMODULE 

$MODULE 
reference 
value 
footprint 
attribut virtual
position 55.245000 43.180000  orientation 0.00
layer front
$PAD ""
Shape Circle Layer both
position  0.000000  0.000000 size  0.800000  0.800000 orientation 0.00
drill  1.500000
shape_offset  0.000000  0.000000
$EndPAD
$EndMODULE 

$MODULE 
reference 
value 
footprint 
attribut virtual
position 42.545000 27.940000  orientation 0.00
layer front
$PAD ""
Shape Circle Layer both
position  0.000000  0.000000 size  0.800000  0.800000 orientation 0.00
drill  1.500000
shape_offset  0.000000  0.000000
$EndPAD
$EndMODULE 

$MODULE 
reference 
value 
footprint 
attribut virtual
position 85.725000 27.940000  orientation 0.00
layer front
$PAD ""
Shape Circle Layer both
position  0.000000  0.000000 size  0.800000  0.800000 orientation 0.00
drill  1.500000
shape_offset  0.000000  0.000000
$EndPAD
$EndMODULE 

$MODULE 
reference 
value 
footprint 
attribut virtual
position 45.085000 27.940000  orientation 0.00
layer front
$PAD ""
Shape Circle Layer both
position  0.000000  0.000000 size  0.800000  0.800000 orientation 0.00
drill  1.500000
shape_offset  0.000000  0.000000
$EndPAD
$EndMODULE 

$MODULE 
reference 
value 
footprint 
attribut virtual
position 67.945000 27.940000  orientation 0.00
layer front
$PAD ""
Shape Circle Layer both
position  0.000000  0.000000 size  0.800000  0.800000 orientation 0.00
drill  1.500000
shape_offset  0.000000  0.000000
$EndPAD
$EndMODULE 

$MODULE 
reference 
value 
footprint 
attribut virtual
position 50.165000 27.940000  orientation 0.00
layer front
$PAD ""
Shape Circle Layer both
position  0.000000  0.000000 size  0.800000  0.800000 orientation 0.00
drill  1.500000
shape_offset  0.000000  0.000000
$EndPAD
$EndMODULE 

$MODULE 
reference 
value 
footprint 
attribut virtual
position 75.565000 43.180000  orientation 0.00
layer front
$PAD ""
Shape Circle Layer both
position  0.000000  0.000000 size  0.800000  0.800000 orientation 0.00
drill  1.500000
shape_offset  0.000000  0.000000
$EndPAD
$EndMODULE 

$MODULE 
reference 
value 
footprint 
attribut virtual
position 62.865000 43.180000  orientation 0.00
layer front
$PAD ""
Shape Circle Layer both
position  0.000000  0.000000 size  0.800000  0.800000 orientation 0.00
drill  1.500000
shape_offset  0.000000  0.000000
$EndPAD
$EndMODULE 

$MODULE 
reference 
value 
footprint 
attribut virtual
position 65.405000 43.180000  orientation 0.00
layer front
$PAD ""
Shape Circle Layer both
position  0.000000  0.000000 size  0.800000  0.800000 orientation 0.00
drill  1.500000
shape_offset  0.000000  0.000000
$EndPAD
$EndMODULE 

$MODULE 
reference 
value 
footprint 
attribut virtual
position 78.105000 27.940000  orientation 0.00
layer front
$PAD ""
Shape Circle Layer both
position  0.000000  0.000000 size  0.800000  0.800000 orientation 0.00
drill  1.500000
shape_offset  0.000000  0.000000
$EndPAD
$EndMODULE 

$MODULE 
reference 
value 
footprint 
attribut virtual
position 75.565000 27.940000  orientation 0.00
layer front
$PAD ""
Shape Circle Layer both
position  0.000000  0.000000 size  0.800000  0.800000 orientation 0.00
drill  1.500000
shape_offset  0.000000  0.000000
$EndPAD
$EndMODULE 

$MODULE 
reference 
value 
footprint 
attribut virtual
position 45.085000 43.180000  orientation 0.00
layer front
$PAD ""
Shape Circle Layer both
position  0.000000  0.000000 size  0.800000  0.800000 orientation 0.00
drill  1.500000
shape_offset  0.000000  0.000000
$EndPAD
$EndMODULE 

$MODULE 
reference 
value 
footprint 
attribut virtual
position 47.625000 43.180000  orientation 0.00
layer front
$PAD ""
Shape Circle Layer both
position  0.000000  0.000000 size  0.800000  0.800000 orientation 0.00
drill  1.500000
shape_offset  0.000000  0.000000
$EndPAD
$EndMODULE 

$MODULE 
reference 
value 
footprint 
attribut virtual
position 52.705000 27.940000  orientation 0.00
layer front
$PAD ""
Shape Circle Layer both
position  0.000000  0.000000 size  0.800000  0.800000 orientation 0.00
drill  1.500000
shape_offset  0.000000  0.000000
$EndPAD
$EndMODULE 

$MODULE 
reference 
value 
footprint 
attribut virtual
position 85.725000 43.180000  orientation 0.00
layer front
$PAD ""
Shape Circle Layer both
position  0.000000  0.000000 size  0.800000  0.800000 orientation 0.00
drill  1.500000
shape_offset  0.000000  0.000000
$EndPAD
$EndMODULE 

$MODULE 
reference 
value 
footprint 
attribut virtual
position 50.165000 43.180000  orientation 0.00
layer front
$PAD ""
Shape Circle Layer both
position  0.000000  0.000000 size  0.800000  0.800000 orientation 0.00
drill  1.500000
shape_offset  0.000000  0.000000
$EndPAD
$EndMODULE 

$MODULE 
reference 
value 
footprint 
attribut virtual
position 83.185000 43.180000  orientation 0.00
layer front
$PAD ""
Shape Circle Layer both
position  0.000000  0.000000 size  0.800000  0.800000 orientation 0.00
drill  1.500000
shape_offset  0.000000  0.000000
$EndPAD
$EndMODULE 

$MODULE 
reference 
value 
footprint 
attribut virtual
position 88.265000 43.180000  orientation 0.00
layer front
$PAD ""
Shape Circle Layer both
position  0.000000  0.000000 size  0.800000  0.800000 orientation 0.00
drill  1.500000
shape_offset  0.000000  0.000000
$EndPAD
$EndMODULE 

$MODULE 
reference 
value 
footprint 
attribut virtual
position 83.185000 27.940000  orientation 0.00
layer front
$PAD ""
Shape Circle Layer both
position  0.000000  0.000000 size  0.800000  0.800000 orientation 0.00
drill  1.500000
shape_offset  0.000000  0.000000
$EndPAD
$EndMODULE 

$MODULE C1
reference C1
value 220uF
footprint Capacitor_SMD:CP_Elec_6.3x5.4
attribut smd
position 56.134000 37.465000  orientation 180.00
layer front
$PAD "1"
Shape Roundrect Layer front
position -2.800000  0.000000 size  3.500000  1.600000 orientation 180.00
drill  0.000000
shape_offset  0.000000  0.000000
$EndPAD
$PAD "2"
Shape Roundrect Layer front
position  2.800000  0.000000 size  3.500000  1.600000 orientation 180.00
drill  0.000000
shape_offset  0.000000  0.000000
$EndPAD
$EndMODULE C1

$MODULE C2
reference C2
value 560pF
footprint Capacitor_SMD:C_0805_2012Metric
attribut smd
position 47.752000 36.510000  orientation -90.00
layer front
$PAD "1"
Shape Roundrect Layer front
position -0.950000  0.000000 size  1.000000  1.450000 orientation 270.00
drill  0.000000
shape_offset  0.000000  0.000000
$EndPAD
$PAD "2"
Shape Roundrect Layer front
position  0.950000  0.000000 size  1.000000  1.450000 orientation 270.00
drill  0.000000
shape_offset  0.000000  0.000000
$EndPAD
$EndMODULE C2

$MODULE C3
reference C3
value ~
footprint Capacitor_Tantalum_SMD:CP_EIA-3216-18_Kemet-A
attribut smd
position 64.135000 31.035000  orientation 90.00
layer front
$PAD "1"
Shape Roundrect Layer front
position -1.350000  0.000000 size  1.400000  1.350000 orientation 90.00
drill  0.000000
shape_offset  0.000000  0.000000
$EndPAD
$PAD "2"
Shape Roundrect Layer front
position  1.350000  0.000000 size  1.400000  1.350000 orientation 90.00
drill  0.000000
shape_offset  0.000000  0.000000
$EndPAD
$EndMODULE C3

$MODULE C4
reference C4
value ~
footprint Capacitor_Tantalum_SMD:CP_EIA-3216-18_Kemet-A
attribut smd
position 59.055000 31.035000  orientation 90.00
layer front
$PAD "1"
Shape Roundrect Layer front
position -1.350000  0.000000 size  1.400000  1.350000 orientation 90.00
drill  0.000000
shape_offset  0.000000  0.000000
$EndPAD
$PAD "2"
Shape Roundrect Layer front
position  1.350000  0.000000 size  1.400000  1.350000 orientation 90.00
drill  0.000000
shape_offset  0.000000  0.000000
$EndPAD
$EndMODULE C4

$MODULE C5
reference C5
value 10uF
footprint Capacitor_Tantalum_SMD:CP_EIA-3216-18_Kemet-A
attribut smd
position 53.975000 31.035000  orientation 90.00
layer front
$PAD "1"
Shape Roundrect Layer front
position -1.350000  0.000000 size  1.400000  1.350000 orientation 90.00
drill  0.000000
shape_offset  0.000000  0.000000
$EndPAD
$PAD "2"
Shape Roundrect Layer front
position  1.350000  0.000000 size  1.400000  1.350000 orientation 90.00
drill  0.000000
shape_offset  0.000000  0.000000
$EndPAD
$EndMODULE C5

$MODULE C6
reference C6
value 100uF
footprint Capacitor_SMD:CP_Elec_6.3x4.5
attribut smd
position 85.725000 36.195000  orientation -90.00
layer front
$PAD "1"
Shape Roundrect Layer front
position -2.700000  0.000000 size  3.500000  1.600000 orientation 270.00
drill  0.000000
shape_offset  0.000000  0.000000
$EndPAD
$PAD "2"
Shape Roundrect Layer front
position  2.700000  0.000000 size  3.500000  1.600000 orientation 270.00
drill  0.000000
shape_offset  0.000000  0.000000
$EndPAD
$EndMODULE C6

$MODULE GND
reference GND
value Conn_01x02
footprint Connector_Wire:SolderWire-0.25sqmm_1x02_P4.2mm_D0.65mm_OD1.7mm
attribut virtual
position 42.205000 33.475000  orientation -90.00
layer front
$PAD "1"
Shape Roundrect Layer both
position  0.000000  0.000000 size  1.850000  1.850000 orientation 270.00
drill  0.850000
shape_offset  0.000000  0.000000
$EndPAD
$PAD "2"
Shape Circle Layer both
position  4.200000  0.000000 size  1.850000  1.850000 orientation 270.00
drill  0.850000
shape_offset  0.000000  0.000000
$EndPAD
$EndMODULE GND

$MODULE J1
reference J1
value VCC
footprint custom footprints:THT_Hole
attribut virtual
position 88.265000 27.940000  orientation 0.00
layer front
$PAD "1"
Shape Circle Layer both
position  0.000000  0.000000 size  2.000000  2.000000 orientation 0.00
drill  1.500000
shape_offset  0.000000  0.000000
$EndPAD
$EndMODULE J1

$MODULE J2
reference J2
value VOUT
footprint custom footprints:THT_Hole
attribut virtual
position 40.005000 27.940000  orientation 0.00
layer front
$PAD "1"
Shape Circle Layer both
position  0.000000  0.000000 size  2.000000  2.000000 orientation 0.00
drill  1.500000
shape_offset  0.000000  0.000000
$EndPAD
$EndMODULE J2

$MODULE J3
reference J3
value GND
footprint custom footprints:THT_Hole
attribut virtual
position 40.005000 43.180000  orientation 0.00
layer front
$PAD "1"
Shape Circle Layer both
position  0.000000  0.000000 size  2.000000  2.000000 orientation 0.00
drill  1.500000
shape_offset  0.000000  0.000000
$EndPAD
$EndMODULE J3

$MODULE Q1
reference Q1
value MMBT3906
footprint Package_TO_SOT_SMD:SOT-23
attribut smd
position 48.514000 32.766000  orientation 90.00
layer front
$PAD "1"
Shape Roundrect Layer front
position -0.937500 -0.950000 size  1.475000  0.600000 orientation 90.00
drill  0.000000
shape_offset  0.000000  0.000000
$EndPAD
$PAD "2"
Shape Roundrect Layer front
position -0.937500  0.950000 size  1.475000  0.600000 orientation 90.00
drill  0.000000
shape_offset  0.000000  0.000000
$EndPAD
$PAD "3"
Shape Roundrect Layer front
position  0.937500  0.000000 size  1.475000  0.600000 orientation 90.00
drill  0.000000
shape_offset  0.000000  0.000000
$EndPAD
$EndMODULE Q1

$MODULE R1
reference R1
value 300
footprint Resistor_SMD:R_0805_2012Metric
attribut smd
position 51.435000 32.742500  orientation 90.00
layer front
$PAD "1"
Shape Roundrect Layer front
position -0.912500  0.000000 size  1.025000  1.400000 orientation 90.00
drill  0.000000
shape_offset  0.000000  0.000000
$EndPAD
$PAD "2"
Shape Roundrect Layer front
position  0.912500  0.000000 size  1.025000  1.400000 orientation 90.00
drill  0.000000
shape_offset  0.000000  0.000000
$EndPAD
$EndMODULE R1

$MODULE R2
reference R2
value 110
footprint Resistor_SMD:R_0805_2012Metric
attribut smd
position 50.165000 36.552500  orientation -90.00
layer front
$PAD "1"
Shape Roundrect Layer front
position -0.912500  0.000000 size  1.025000  1.400000 orientation 270.00
drill  0.000000
shape_offset  0.000000  0.000000
$EndPAD
$PAD "2"
Shape Roundrect Layer front
position  0.912500  0.000000 size  1.025000  1.400000 orientation 270.00
drill  0.000000
shape_offset  0.000000  0.000000
$EndPAD
$EndMODULE R2

$MODULE REF**
reference REF**
value Fiducial_0.5mm_Mask1.5mm
footprint Fiducial:Fiducial_0.5mm_Mask1.5mm
attribut smd
position 40.005000 40.005000  orientation 0.00
layer front
$PAD ""
Shape Circle Layer front
position  0.000000  0.000000 size  0.500000  0.500000 orientation 0.00
drill  0.000000
shape_offset  0.000000  0.000000
$EndPAD
$EndMODULE REF**

$MODULE REF**
reference REF**
value Fiducial_0.5mm_Mask1.5mm
footprint Fiducial:Fiducial_0.5mm_Mask1.5mm
attribut smd
position 40.005000 31.115000  orientation 0.00
layer front
$PAD ""
Shape Circle Layer front
position  0.000000  0.000000 size  0.500000  0.500000 orientation 0.00
drill  0.000000
shape_offset  0.000000  0.000000
$EndPAD
$EndMODULE REF**

$MODULE REF**
reference REF**
value Fiducial_0.5mm_Mask1.5mm
footprint Fiducial:Fiducial_0.5mm_Mask1.5mm
attribut smd
position 79.370000 36.750000  orientation 0.00
layer front
$PAD ""
Shape Circle Layer front
position  0.000000  0.000000 size  0.500000  0.500000 orientation 0.00
drill  0.000000
shape_offset  0.000000  0.000000
$EndPAD
$EndMODULE REF**

$MODULE svg2mod
reference svg2mod
value G***
footprint custom footprints:oshw-logo 6x6mm
attribut virtual
position 74.295000 36.747607  orientation 0.00
layer front
$EndMODULE svg2mod

$MODULE svg2mod
reference svg2mod
value G***
footprint custom footprints:maustech icon fiducial 0-50mm 1-50mm
attribut virtual
position 79.375000 36.747607  orientation 0.00
layer front
$EndMODULE svg2mod

$EndDESCRIPTION
